---
source: src/lib.rs
expression: result.unwrap()
---
{"name":"media-player","modifiers":["dark"],"elements":[{"name":"button","modifiers":["fast-forward","rewind"]},{"name":"timeline","modifiers":[]}]}
